C51 COMPILER V9.54   DELAY                                                                 04/20/2025 16:21:03 PAGE 1   


C51 COMPILER V9.54, COMPILATION OF MODULE DELAY
OBJECT MODULE PLACED IN .\Objects\delay.obj
COMPILER INVOKED BY: D:\Keil\C51\BIN\C51.EXE delay.c OPTIMIZE(8,SPEED) BROWSE DEBUG OBJECTEXTEND PRINT(.\Listings\delay.
                    -lst) OBJECT(.\Objects\delay.obj)

line level    source

   1          #include <REGX52.H>
   2          
   3          void Delay10us(unsigned char t)//@11.0592MHz
   4          {
   5   1              while(t--)
   6   1              {
   7   2              unsigned char i;
   8   2       
   9   2              i = 2;
  10   2              while (--i);
  11   2      
  12   2              }
  13   1      }
  14          
  15          //延时n毫秒
  16          void delay_ms(unsigned int n)
  17          {
  18   1          unsigned int i=0,j=0;
  19   1          for(i=0;i<n;i++)
  20   1              for(j=0;j<123;j++);
  21   1      }
  22          
  23          //延时n秒
  24          void delay_m(unsigned int n)
  25          {
  26   1          unsigned int i=0,j=0;
  27   1          for(i=0;i<n;i++)
  28   1              for(j=0;j<21738;j++);
  29   1      }


MODULE INFORMATION:   STATIC OVERLAYABLE
   CODE SIZE        =     82    ----
   CONSTANT SIZE    =   ----    ----
   XDATA SIZE       =   ----    ----
   PDATA SIZE       =   ----    ----
   DATA SIZE        =   ----       1
   IDATA SIZE       =   ----    ----
   BIT SIZE         =   ----    ----
END OF MODULE INFORMATION.


C51 COMPILATION COMPLETE.  0 WARNING(S),  0 ERROR(S)
