C51 COMPILER V9.54   MAIN                                                                  04/20/2025 16:21:03 PAGE 1   


C51 COMPILER V9.54, COMPILATION OF MODULE MAIN
OBJECT MODULE PLACED IN .\Objects\main.obj
COMPILER INVOKED BY: D:\Keil\C51\BIN\C51.EXE main.c OPTIMIZE(8,SPEED) BROWSE DEBUG OBJECTEXTEND PRINT(.\Listings\main.ls
                    -t) OBJECT(.\Objects\main.obj)

line level    source

   1          #include <REGX52.H>
   2          #include "motor.h"
   3          #include "delay.h"
   4          #include "trace.h"
   5          
   6          void main()
   7          {
   8   1              UT_Init();
*** WARNING C206 IN LINE 8 OF main.c: 'UT_Init': missing function-prototype
   9   1              Timer0Init();
  10   1              PWM(60,30);
  11   1              while(1)
  12   1              {
  13   2                      trace();
  14   2              }
  15   1      }


MODULE INFORMATION:   STATIC OVERLAYABLE
   CODE SIZE        =     31    ----
   CONSTANT SIZE    =   ----    ----
   XDATA SIZE       =   ----    ----
   PDATA SIZE       =   ----    ----
   DATA SIZE        =   ----    ----
   IDATA SIZE       =   ----    ----
   BIT SIZE         =   ----    ----
END OF MODULE INFORMATION.


C51 COMPILATION COMPLETE.  1 WARNING(S),  0 ERROR(S)
