BL51 BANKED LINKER/LOCATER V6.22                                                        04/20/2025  16:21:03  PAGE 1


BL51 BANKED LINKER/LOCATER V6.22, INVOKED BY:
D:\KEIL\C51\BIN\BL51.EXE .\Objects\main.obj, .\Objects\motor.obj, .\Objects\delay.obj, .\Objects\trace.obj, .\Objects\ul
>> trasonic.obj TO .\Objects\project PRINT (.\Listings\project.m51) RAMSIZE (256)


MEMORY MODEL: SMALL WITH FLOATING POINT ARITHMETIC


INPUT MODULES INCLUDED:
  .\Objects\main.obj (MAIN)
  .\Objects\motor.obj (MOTOR)
  .\Objects\delay.obj (DELAY)
  .\Objects\trace.obj (TRACE)
  .\Objects\ultrasonic.obj (ULTRASONIC)
  D:\KEIL\C51\LIB\C51FPS.LIB (?C?FPMUL)
  D:\KEIL\C51\LIB\C51FPS.LIB (?C?FPDIV)
  D:\KEIL\C51\LIB\C51FPS.LIB (?C?FCAST)
  D:\KEIL\C51\LIB\C51FPS.LIB (?C?CASTF)
  D:\KEIL\C51\LIB\C51FPS.LIB (?C?FPGETOPN)
  D:\KEIL\C51\LIB\C51S.LIB (?C_STARTUP)
  D:\KEIL\C51\LIB\C51S.LIB (?C?LNEG)


LINK MAP OF MODULE:  .\Objects\project (MAIN)


            TYPE    BASE      LENGTH    RELOCATION   SEGMENT NAME
            -----------------------------------------------------

            * * * * * * *   D A T A   M E M O R Y   * * * * * * *
            REG     0000H     0008H     ABSOLUTE     "REG BANK 0"
            DATA    0008H     000AH     UNIT         _DATA_GROUP_
            DATA    0012H     0006H     UNIT         ?DT?AVOID?ULTRASONIC
            DATA    0018H     0002H     UNIT         ?DT?MOTOR
            DATA    001AH     0001H     UNIT         ?DT?_DELAY10US?DELAY
            IDATA   001BH     0001H     UNIT         ?STACK

            * * * * * * *   C O D E   M E M O R Y   * * * * * * *
            CODE    0000H     0003H     ABSOLUTE     
                    0003H     0008H                  *** GAP ***
            CODE    000BH     0003H     ABSOLUTE     
                    000EH     07F2H                  *** GAP ***
            CODE    0800H     0273H     UNIT         ?C?LIB_CODE
            CODE    0A73H     0086H     UNIT         ?PR?AVOID?ULTRASONIC
            CODE    0AF9H     0053H     UNIT         ?PR?TRACE?TRACE
            CODE    0B4CH     0041H     UNIT         ?PR?T0ISP?MOTOR
            CODE    0B8DH     003DH     UNIT         ?PR?MEASURE?ULTRASONIC
            CODE    0BCAH     0020H     UNIT         ?PR?_DELAY_MS?DELAY
            CODE    0BEAH     0020H     UNIT         ?PR?_DELAY_M?DELAY
            CODE    0C0AH     001FH     UNIT         ?PR?MAIN?MAIN
            CODE    0C29H     0013H     UNIT         ?PR?_PWM?MOTOR
            CODE    0C3CH     0012H     UNIT         ?PR?_DELAY10US?DELAY
            CODE    0C4EH     0010H     UNIT         ?PR?TIMER0INIT?MOTOR
            CODE    0C5EH     0010H     UNIT         ?PR?T1_INIT?ULTRASONIC
            CODE    0C6EH     000CH     UNIT         ?C_C51STARTUP
            CODE    0C7AH     000AH     UNIT         ?PR?UT_TRIGGR?ULTRASONIC
            CODE    0C84H     0009H     UNIT         ?PR?STRAIGHT?MOTOR
            CODE    0C8DH     0009H     UNIT         ?PR?TURNLEFT?MOTOR
BL51 BANKED LINKER/LOCATER V6.22                                                      04/20/2025  16:21:03  PAGE 2


            CODE    0C96H     0009H     UNIT         ?PR?TURNRIGHT?MOTOR
            CODE    0C9FH     0009H     UNIT         ?PR?STOP?MOTOR
            CODE    0CA8H     0009H     UNIT         ?PR?RETREAT?MOTOR
            CODE    0CB1H     0007H     UNIT         ?PR?UT_INIT?ULTRASONIC



OVERLAY MAP OF MODULE:   .\Objects\project (MAIN)


SEGMENT                            DATA_GROUP 
  +--> CALLED SEGMENT            START    LENGTH
------------------------------------------------
?PR?T0ISP?MOTOR                  0008H    0002H

*** NEW ROOT ***************************************************

?C_C51STARTUP                    -----    -----
  +--> ?PR?MAIN?MAIN

?PR?MAIN?MAIN                    -----    -----
  +--> ?PR?UT_INIT?ULTRASONIC
  +--> ?PR?TIMER0INIT?MOTOR
  +--> ?PR?_PWM?MOTOR
  +--> ?PR?TRACE?TRACE

?PR?UT_INIT?ULTRASONIC           -----    -----
  +--> ?PR?T1_INIT?ULTRASONIC

?PR?_PWM?MOTOR                   000AH    0008H

?PR?TRACE?TRACE                  -----    -----
  +--> ?PR?TURNLEFT?MOTOR
  +--> ?PR?TURNRIGHT?MOTOR
  +--> ?PR?STOP?MOTOR
  +--> ?PR?STRAIGHT?MOTOR



SYMBOL TABLE OF MODULE:  .\Objects\project (MAIN)

  VALUE           TYPE          NAME
  ----------------------------------

  -------         MODULE        MAIN
  C:0000H         SYMBOL        _ICE_DUMMY_
  C:0C0AH         PUBLIC        main
  -------         PROC          MAIN
  C:0C0AH         LINE#         6
  C:0C0AH         LINE#         7
  C:0C0AH         LINE#         8
  C:0C0DH         LINE#         9
  C:0C10H         LINE#         10
  C:0C24H         LINE#         11
  C:0C24H         LINE#         12
  C:0C24H         LINE#         13
  C:0C27H         LINE#         14
BL51 BANKED LINKER/LOCATER V6.22                                                      04/20/2025  16:21:03  PAGE 3


  -------         ENDPROC       MAIN
  -------         ENDMOD        MAIN

  -------         MODULE        MOTOR
  C:0000H         SYMBOL        _ICE_DUMMY_
  D:00A0H         PUBLIC        P2
  B:00A8H.7       PUBLIC        EA
  D:0089H         PUBLIC        TMOD
  D:0018H         PUBLIC        PWMA
  D:0019H         PUBLIC        PWMB
  C:0C9FH         PUBLIC        stop
  B:00A0H.4       PUBLIC        IN1
  B:00A0H.3       PUBLIC        IN2
  B:00A8H.1       PUBLIC        ET0
  B:00A0H.2       PUBLIC        IN3
  C:0C4EH         PUBLIC        Timer0Init
  B:00A0H.1       PUBLIC        IN4
  D:008CH         PUBLIC        TH0
  D:008AH         PUBLIC        TL0
  C:0B4CH         PUBLIC        T0isp
  B:00A0H.5       PUBLIC        ENA
  B:00A0H.0       PUBLIC        ENB
  B:0088H.4       PUBLIC        TR0
  C:0C84H         PUBLIC        straight
  C:0C96H         PUBLIC        turnright
  C:0C29H         PUBLIC        _PWM
  C:0C8DH         PUBLIC        turnleft
  C:0CA8H         PUBLIC        retreat
  -------         PROC          _PWM
  D:0004H         SYMBOL        A
  D:000EH         SYMBOL        B
  C:0C29H         LINE#         12
  C:0C29H         LINE#         13
  C:0C29H         LINE#         14
  C:0C2EH         LINE#         15
  C:0C3BH         LINE#         16
  -------         ENDPROC       _PWM
  -------         PROC          TIMER0INIT
  C:0C4EH         LINE#         18
  C:0C4EH         LINE#         19
  C:0C4EH         LINE#         20
  C:0C51H         LINE#         21
  C:0C54H         LINE#         22
  C:0C57H         LINE#         23
  C:0C59H         LINE#         24
  C:0C5BH         LINE#         25
  C:0C5DH         LINE#         26
  -------         ENDPROC       TIMER0INIT
  -------         PROC          STRAIGHT
  C:0C84H         LINE#         28
  C:0C84H         LINE#         29
  C:0C84H         LINE#         30
  C:0C86H         LINE#         31
  C:0C88H         LINE#         33
  C:0C8AH         LINE#         34
  C:0C8CH         LINE#         36
  -------         ENDPROC       STRAIGHT
BL51 BANKED LINKER/LOCATER V6.22                                                      04/20/2025  16:21:03  PAGE 4


  -------         PROC          TURNLEFT
  C:0C8DH         LINE#         37
  C:0C8DH         LINE#         38
  C:0C8DH         LINE#         39
  C:0C8FH         LINE#         40
  C:0C91H         LINE#         42
  C:0C93H         LINE#         43
  C:0C95H         LINE#         45
  -------         ENDPROC       TURNLEFT
  -------         PROC          TURNRIGHT
  C:0C96H         LINE#         46
  C:0C96H         LINE#         47
  C:0C96H         LINE#         48
  C:0C98H         LINE#         49
  C:0C9AH         LINE#         51
  C:0C9CH         LINE#         52
  C:0C9EH         LINE#         54
  -------         ENDPROC       TURNRIGHT
  -------         PROC          STOP
  C:0C9FH         LINE#         55
  C:0C9FH         LINE#         56
  C:0C9FH         LINE#         57
  C:0CA1H         LINE#         58
  C:0CA3H         LINE#         60
  C:0CA5H         LINE#         61
  C:0CA7H         LINE#         63
  -------         ENDPROC       STOP
  -------         PROC          RETREAT
  C:0CA8H         LINE#         65
  C:0CA8H         LINE#         66
  C:0CA8H         LINE#         67
  C:0CAAH         LINE#         68
  C:0CACH         LINE#         70
  C:0CAEH         LINE#         71
  C:0CB0H         LINE#         73
  -------         ENDPROC       RETREAT
  -------         PROC          T0ISP
  -------         DO            
  D:0008H         SYMBOL        i
  D:0009H         SYMBOL        j
  -------         ENDDO         
  C:0B4CH         LINE#         75
  C:0B50H         LINE#         78
  C:0B53H         LINE#         79
  C:0B56H         LINE#         80
  C:0B58H         LINE#         81
  C:0B5AH         LINE#         82
  C:0B61H         LINE#         83
  C:0B61H         LINE#         84
  C:0B63H         LINE#         85
  C:0B65H         LINE#         87
  C:0B65H         LINE#         88
  C:0B67H         LINE#         89
  C:0B6EH         LINE#         90
  C:0B6EH         LINE#         91
  C:0B71H         LINE#         92
  C:0B71H         LINE#         93
BL51 BANKED LINKER/LOCATER V6.22                                                      04/20/2025  16:21:03  PAGE 5


  C:0B71H         LINE#         94
  C:0B78H         LINE#         95
  C:0B78H         LINE#         96
  C:0B7AH         LINE#         97
  C:0B7CH         LINE#         99
  C:0B7CH         LINE#         100
  C:0B7EH         LINE#         101
  C:0B85H         LINE#         102
  C:0B85H         LINE#         103
  C:0B88H         LINE#         104
  C:0B88H         LINE#         105
  C:0B88H         LINE#         106
  -------         ENDPROC       T0ISP
  -------         ENDMOD        MOTOR

  -------         MODULE        DELAY
  C:0000H         SYMBOL        _ICE_DUMMY_
  C:0C3CH         PUBLIC        _Delay10us
  C:0BCAH         PUBLIC        _delay_ms
  C:0BEAH         PUBLIC        _delay_m
  -------         PROC          _DELAY10US
  D:0007H         SYMBOL        t
  -------         DO            
  D:001AH         SYMBOL        i
  -------         ENDDO         
  C:0C3CH         LINE#         3
  C:0C3CH         LINE#         4
  C:0C3CH         LINE#         5
  C:0C42H         LINE#         6
  C:0C42H         LINE#         9
  C:0C45H         LINE#         10
  C:0C4DH         LINE#         13
  -------         ENDPROC       _DELAY10US
  -------         PROC          _DELAY_MS
  D:0006H         SYMBOL        n
  -------         DO            
  D:0004H         SYMBOL        i
  D:0002H         SYMBOL        j
  -------         ENDDO         
  C:0BCAH         LINE#         16
  C:0BCAH         LINE#         17
  C:0BCAH         LINE#         18
  C:0BCDH         LINE#         19
  C:0BD4H         LINE#         20
  C:0BE9H         LINE#         21
  -------         ENDPROC       _DELAY_MS
  -------         PROC          _DELAY_M
  D:0006H         SYMBOL        n
  -------         DO            
  D:0004H         SYMBOL        i
  D:0002H         SYMBOL        j
  -------         ENDDO         
  C:0BEAH         LINE#         24
  C:0BEAH         LINE#         25
  C:0BEAH         LINE#         26
  C:0BEDH         LINE#         27
  C:0BF4H         LINE#         28
BL51 BANKED LINKER/LOCATER V6.22                                                      04/20/2025  16:21:03  PAGE 6


  C:0C09H         LINE#         29
  -------         ENDPROC       _DELAY_M
  -------         ENDMOD        DELAY

  -------         MODULE        TRACE
  C:0000H         SYMBOL        _ICE_DUMMY_
  D:0090H         PUBLIC        P1
  C:0AF9H         PUBLIC        trace
  B:0090H.3       PUBLIC        s1
  B:0090H.2       PUBLIC        s2
  B:0090H.1       PUBLIC        s3
  -------         PROC          TRACE
  C:0AF9H         LINE#         8
  C:0AF9H         LINE#         9
  C:0AF9H         LINE#         10
  C:0AFCH         LINE#         11
  C:0B05H         LINE#         12
  C:0B07H         LINE#         13
  C:0B19H         LINE#         14
  C:0B1CH         LINE#         15
  C:0B2EH         LINE#         16
  C:0B31H         LINE#         17
  C:0B3AH         LINE#         18
  C:0B3CH         LINE#         19
  C:0B45H         LINE#         20
  C:0B48H         LINE#         22
  C:0B4BH         LINE#         23
  -------         ENDPROC       TRACE
  -------         ENDMOD        TRACE

  -------         MODULE        ULTRASONIC
  C:0000H         SYMBOL        _ICE_DUMMY_
  B:0090H.5       PUBLIC        Echo
  D:0090H         PUBLIC        P1
  B:00A8H.7       PUBLIC        EA
  C:0A73H         PUBLIC        avoid
  B:0090H.6       PUBLIC        Trig
  C:0C7AH         PUBLIC        UT_triggr
  C:0CB1H         PUBLIC        UT_Init
  D:0089H         PUBLIC        TMOD
  B:00A8H.3       PUBLIC        ET1
  D:008CH         PUBLIC        TH0
  D:008DH         PUBLIC        TH1
  D:008AH         PUBLIC        TL0
  D:008BH         PUBLIC        TL1
  B:0088H.6       PUBLIC        TR1
  C:0B8DH         PUBLIC        measure
  C:0C5EH         PUBLIC        T1_Init
  -------         PROC          T1_INIT
  C:0C5EH         LINE#         6
  C:0C5EH         LINE#         7
  C:0C5EH         LINE#         8
  C:0C61H         LINE#         9
  C:0C64H         LINE#         10
  C:0C67H         LINE#         11
  C:0C69H         LINE#         12
  C:0C6BH         LINE#         13
BL51 BANKED LINKER/LOCATER V6.22                                                      04/20/2025  16:21:03  PAGE 7


  C:0C6DH         LINE#         14
  -------         ENDPROC       T1_INIT
  -------         PROC          UT_INIT
  C:0CB1H         LINE#         17
  C:0CB1H         LINE#         18
  C:0CB1H         LINE#         19
  C:0CB3H         LINE#         20
  C:0CB5H         LINE#         21
  -------         ENDPROC       UT_INIT
  -------         PROC          UT_TRIGGR
  C:0C7AH         LINE#         29
  C:0C7AH         LINE#         30
  C:0C7AH         LINE#         31
  C:0C7CH         LINE#         32
  C:0C81H         LINE#         33
  C:0C83H         LINE#         34
  -------         ENDPROC       UT_TRIGGR
  -------         PROC          MEASURE
  -------         DO            
  D:0006H         SYMBOL        a
  D:0006H         SYMBOL        distance
  -------         ENDDO         
  C:0B8DH         LINE#         40
  C:0B8DH         LINE#         41
  C:0B8DH         LINE#         43
  C:0B90H         LINE#         44
  C:0B92H         LINE#         45
  C:0B95H         LINE#         46
  C:0B97H         LINE#         47
  C:0BA5H         LINE#         48
  C:0BA8H         LINE#         49
  C:0BAAH         LINE#         50
  C:0BC9H         LINE#         51
  C:0BC9H         LINE#         52
  -------         ENDPROC       MEASURE
  -------         PROC          AVOID
  -------         DO            
  D:0012H         SYMBOL        left_dist
  D:0014H         SYMBOL        right_dist
  D:0016H         SYMBOL        distance
  -------         ENDDO         
  C:0A73H         LINE#         54
  C:0A73H         LINE#         55
  C:0A73H         LINE#         57
  C:0A7AH         LINE#         58
  C:0A7AH         LINE#         59
  C:0A7AH         LINE#         60
  C:0A85H         LINE#         61
  C:0A85H         LINE#         62
  C:0A88H         LINE#         63
  C:0A8FH         LINE#         65
  C:0A92H         LINE#         66
  C:0A99H         LINE#         67
  C:0AA0H         LINE#         68
  C:0AA6H         LINE#         70
  C:0AA9H         LINE#         71
  C:0AB0H         LINE#         72
BL51 BANKED LINKER/LOCATER V6.22                                                      04/20/2025  16:21:03  PAGE 8


  C:0AB7H         LINE#         73
  C:0ABDH         LINE#         75
  C:0AC0H         LINE#         76
  C:0AC7H         LINE#         77
  C:0ACAH         LINE#         78
  C:0AD1H         LINE#         80
  C:0ADCH         LINE#         81
  C:0ADCH         LINE#         82
  C:0ADFH         LINE#         83
  C:0ADFH         LINE#         84
  C:0AE1H         LINE#         86
  C:0AE1H         LINE#         87
  C:0AE4H         LINE#         88
  C:0AEBH         LINE#         89
  C:0AEBH         LINE#         90
  C:0AEDH         LINE#         92
  C:0AEDH         LINE#         93
  C:0AF0H         LINE#         94
  C:0AF0H         LINE#         96
  C:0AF7H         LINE#         97
  -------         ENDPROC       AVOID
  -------         ENDMOD        ULTRASONIC

  -------         MODULE        ?C?FPMUL
  C:0800H         PUBLIC        ?C?FPMUL
  -------         ENDMOD        ?C?FPMUL

  -------         MODULE        ?C?FPDIV
  C:0909H         PUBLIC        ?C?FPDIV
  -------         ENDMOD        ?C?FPDIV

  -------         MODULE        ?C?FCAST
  C:09B0H         PUBLIC        ?C?FCASTC
  C:09ABH         PUBLIC        ?C?FCASTI
  C:09A6H         PUBLIC        ?C?FCASTL
  -------         ENDMOD        ?C?FCAST

  -------         MODULE        ?C?CASTF
  C:09E4H         PUBLIC        ?C?CASTF
  -------         ENDMOD        ?C?CASTF

  -------         MODULE        ?C?LNEG
  C:0A65H         PUBLIC        ?C?LNEG
  -------         ENDMOD        ?C?LNEG

*** WARNING L16: UNCALLED SEGMENT, IGNORED FOR OVERLAY PROCESS
    SEGMENT: ?PR?_DELAY_M?DELAY

*** WARNING L16: UNCALLED SEGMENT, IGNORED FOR OVERLAY PROCESS
    SEGMENT: ?PR?UT_TRIGGR?ULTRASONIC

*** WARNING L16: UNCALLED SEGMENT, IGNORED FOR OVERLAY PROCESS
    SEGMENT: ?PR?AVOID?ULTRASONIC

******************************************************************************
* RESTRICTED VERSION WITH 0800H BYTE CODE SIZE LIMIT; USED: 023CH BYTE (27%) *
******************************************************************************
BL51 BANKED LINKER/LOCATER V6.22                                                      04/20/2025  16:21:03  PAGE 9



Program Size: data=28.0 xdata=0 code=1214
LINK/LOCATE RUN COMPLETE.  3 WARNING(S),  0 ERROR(S)
