C51 COMPILER V9.54   TRACE                                                                 04/20/2025 16:21:03 PAGE 1   


C51 COMPILER V9.54, COMPILATION OF MODULE TRACE
OBJECT MODULE PLACED IN .\Objects\trace.obj
COMPILER INVOKED BY: D:\Keil\C51\BIN\C51.EXE trace.c OPTIMIZE(8,SPEED) BROWSE DEBUG OBJECTEXTEND PRINT(.\Listings\trace.
                    -lst) OBJECT(.\Objects\trace.obj)

line level    source

   1          #include <REGX52.H>
   2          #include "motor.h"
   3          
   4          sbit s1 =       P1^3;
   5          sbit s2 =       P1^2;
   6          sbit s3 =       P1^1;
   7          
   8          void trace() 
   9          {
  10   1              P1 |= 0x07;  // 只把低三位置 1，其他位保持不变
  11   1              if (s1 == 0 && s2 == 1 && s3 == 0) 
  12   1                      {straight();} 
  13   1              else if ((s1 == 0 && s2 == 0 && s3 == 1 ) || (s1 == 0 && s2 == 1 && s3 == 1 )) 
  14   1                      {turnleft();} 
  15   1              else if ((s1 == 1 && s2 == 1 && s3 == 0) || (s1 == 1 && s2 == 0 && s3 == 0 )) 
  16   1                      {turnright();}
  17   1              else if (s1 == 0 && s2 == 0 && s3 == 0 ) 
  18   1                      {straight(); } 
  19   1              else if (s1 == 1 && s2 == 1 && s3 == 1 ) 
  20   1                      {stop();  } 
  21   1              else 
  22   1                      {straight();}
  23   1      }


MODULE INFORMATION:   STATIC OVERLAYABLE
   CODE SIZE        =     83    ----
   CONSTANT SIZE    =   ----    ----
   XDATA SIZE       =   ----    ----
   PDATA SIZE       =   ----    ----
   DATA SIZE        =   ----    ----
   IDATA SIZE       =   ----    ----
   BIT SIZE         =   ----    ----
END OF MODULE INFORMATION.


C51 COMPILATION COMPLETE.  0 WARNING(S),  0 ERROR(S)
